<?xml version="1.0" encoding="UTF-8"?>
<sc:item xmlns:sc="http://www.utc.fr/ics/scenari/v3/core">
	<op:bib xmlns:sp="http://www.utc.fr/ics/scenari/v3/primitive" xmlns:op="utc.fr:ics/opale3" xmlns:sc="http://www.utc.fr/ics/scenari/v3/core">
		<op:bibM>
			<sp:id>http://wiki.services.openoffice.org/wiki/Extensions_development_basic_fr</sp:id>
			<sp:type>web</sp:type>
			<sp:desc>
				<op:bibTxt>
					<sc:para xml:space="preserve" sc:id="t3"><sc:uLink role="url" sc:id="t4" url="http://wiki.services.openoffice.org/wiki/Extensions_development_basic_fr">Lien WEB</sc:uLink>. Wiki OpenOffice.org</sc:para>
				</op:bibTxt>
			</sp:desc>
		</op:bibM>
	</op:bib>
</sc:item>