<?xml version="1.0" encoding="UTF-8"?>
<sc:item xmlns:sc="http://www.utc.fr/ics/scenari/v3/core">
	<op:glos xmlns:sp="http://www.utc.fr/ics/scenari/v3/primitive" xmlns:op="utc.fr:ics/opale3">
		<op:glosM>
			<sp:term>Caractère qualitatif</sp:term>
			<sp:def>
				<op:sTxt>
					<sc:para sc:id="t3">Les observations sont rangées dans des rubriques qui décrivent le caractère étudié.</sc:para>
				</op:sTxt>
			</sp:def>
		</op:glosM>
	</op:glos>
</sc:item>