<?xml version="1.0" encoding="UTF-8"?>
<sc:item xmlns:sc="http://www.utc.fr/ics/scenari/v3/core">
	<op:ref xmlns:op="utc.fr:ics/opale3" xmlns:sp="http://www.utc.fr/ics/scenari/v3/primitive" xmlns:sc="http://www.utc.fr/ics/scenari/v3/core">
		<op:refM>
			<sp:ref>POS</sp:ref>
			<sp:desc>
				<op:sTxt>
					<sc:para sc:id="t3">lorsque f(x) > +0,01</sc:para>
				</op:sTxt>
			</sp:desc>
		</op:refM>
	</op:ref>
</sc:item>