<?xml version="1.0" encoding="UTF-8"?>
<sc:item xmlns:sc="http://www.utc.fr/ics/scenari/v3/core">
	<op:bib xmlns:sp="http://www.utc.fr/ics/scenari/v3/primitive" xmlns:op="utc.fr:ics/opale3" xmlns:sc="http://www.utc.fr/ics/scenari/v3/core">
		<op:bibM>
			<sp:id>SQL : Les jointures</sp:id>
			<sp:type>web</sp:type>
			<sp:desc>
				<op:bibTxt>
					<sc:para xml:space="preserve" sc:id="t3">Lien vers <sc:uLink role="url" sc:id="t5" url="http://sqlpro.developpez.com/cours/sqlaz/jointures/">site WEB</sc:uLink>. <sc:textLeaf role="auth" sc:id="t4">www.developpez.com</sc:textLeaf>.</sc:para>
				</op:bibTxt>
			</sp:desc>
		</op:bibM>
	</op:bib>
</sc:item>