<?xml version="1.0" encoding="UTF-8"?>
<sc:item xmlns:sc="http://www.utc.fr/ics/scenari/v3/core">
	<op:bib xmlns:sp="http://www.utc.fr/ics/scenari/v3/primitive" xmlns:op="utc.fr:ics/opale3" xmlns:sc="http://www.utc.fr/ics/scenari/v3/core">
		<op:bibM>
			<sp:id>TPM</sp:id>
			<sp:type>web</sp:type>
			<sp:desc>
				<op:bibTxt>
					<sc:para xml:space="preserve" sc:id="t2"><sc:uLink role="url" sc:id="t3" url="http://www.comaintfo.fr/OMM/MMT">Lien vers support web</sc:uLink>.</sc:para>
				</op:bibTxt>
			</sp:desc>
		</op:bibM>
	</op:bib>
</sc:item>