<?xml version="1.0" encoding="UTF-8"?>
<sc:item xmlns:sc="http://www.utc.fr/ics/scenari/v3/core">
	<op:bib xmlns:op="utc.fr:ics/opale3" xmlns:sp="http://www.utc.fr/ics/scenari/v3/primitive">
		<op:bibM>
			<sp:id>Echantillonnage. Test de réception</sp:id>
			<sp:type>web</sp:type>
			<sp:desc>
				<op:bibTxt>
					<sc:para sc:id="t3">
						<sc:textLeaf role="title" sc:id="t6">Test de réception</sc:textLeaf>. <sc:uLink role="url" sc:id="t4" url="http://www.franckourion.net/site/a_maintenance/10_stats/10_05_02_test_reception.htm">Lien</sc:uLink>. <sc:textLeaf role="auth" sc:id="t7">Franck OURION</sc:textLeaf>.</sc:para>
				</op:bibTxt>
			</sp:desc>
		</op:bibM>
	</op:bib>
</sc:item>